<?xml version="1.0" encoding="UTF-8"?>
<testsuites name="jest tests" tests="2" failures="0" time="6.094">
  <testsuite name="undefined" errors="0" failures="0" skipped="0" timestamp="2023-09-11T17:37:41" time="4.954" tests="2">
    <testcase classname=" App renders correctly" name=" App renders correctly" time="0.04">
    </testcase>
    <testcase classname=" Switching between slides works as expected" name=" Switching between slides works as expected" time="0.055">
    </testcase>
  </testsuite>
</testsuites>